2026-07-24 23:38:40 | ERROR    | database | Failed to drop database tables.
Traceback (most recent call last):
  File "C:\Users\shrut\OneDrive\Desktop\coforge-python\Python-Training_Day5\.venv\Lib\site-packages\sqlalchemy\engine\base.py", line 1969, in _exec_single_context
    self.dialect.do_execute(
  File "C:\Users\shrut\OneDrive\Desktop\coforge-python\Python-Training_Day5\.venv\Lib\site-packages\sqlalchemy\engine\default.py", line 952, in do_execute
    cursor.execute(statement, parameters)
  File "C:\Users\shrut\OneDrive\Desktop\coforge-python\Python-Training_Day5\.venv\Lib\site-packages\pymysql\cursors.py", line 159, in execute
    result = self._query(query)
             ^^^^^^^^^^^^^^^^^^
  File "C:\Users\shrut\OneDrive\Desktop\coforge-python\Python-Training_Day5\.venv\Lib\site-packages\pymysql\cursors.py", line 330, in _query
    conn.query(q)
  File "C:\Users\shrut\OneDrive\Desktop\coforge-python\Python-Training_Day5\.venv\Lib\site-packages\pymysql\connections.py", line 582, in query
    self._affected_rows = self._read_query_result(unbuffered=unbuffered)
                          ^^^^^^^^^^^^^^^^^^^^^^^^^^^^^^^^^^^^^^^^^^^^^^
  File "C:\Users\shrut\OneDrive\Desktop\coforge-python\Python-Training_Day5\.venv\Lib\site-packages\pymysql\connections.py", line 847, in _read_query_result
    result.read()
  File "C:\Users\shrut\OneDrive\Desktop\coforge-python\Python-Training_Day5\.venv\Lib\site-packages\pymysql\connections.py", line 1245, in read
    first_packet = self.connection._read_packet()
                   ^^^^^^^^^^^^^^^^^^^^^^^^^^^^^^
  File "C:\Users\shrut\OneDrive\Desktop\coforge-python\Python-Training_Day5\.venv\Lib\site-packages\pymysql\connections.py", line 803, in _read_packet
    packet.raise_for_error()
  File "C:\Users\shrut\OneDrive\Desktop\coforge-python\Python-Training_Day5\.venv\Lib\site-packages\pymysql\protocol.py", line 219, in raise_for_error
    err.raise_mysql_exception(self._data)
  File "C:\Users\shrut\OneDrive\Desktop\coforge-python\Python-Training_Day5\.venv\Lib\site-packages\pymysql\err.py", line 154, in raise_mysql_exception
    raise errorclass(errno, errval, sqlstate=sqlstate)
pymysql.err.OperationalError: (3730, "Cannot drop table 'products' referenced by a foreign key constraint 'fk_inventory_product' on table 'inventory'.")

The above exception was the direct cause of the following exception:

Traceback (most recent call last):
  File "C:\Users\shrut\OneDrive\Desktop\Project-3\database.py", line 185, in drop_all_tables
    Base.metadata.drop_all(bind=engine)
  File "C:\Users\shrut\OneDrive\Desktop\coforge-python\Python-Training_Day5\.venv\Lib\site-packages\sqlalchemy\sql\schema.py", line 5958, in drop_all
    bind._run_ddl_visitor(
  File "C:\Users\shrut\OneDrive\Desktop\coforge-python\Python-Training_Day5\.venv\Lib\site-packages\sqlalchemy\engine\base.py", line 3270, in _run_ddl_visitor
    conn._run_ddl_visitor(visitorcallable, element, **kwargs)
  File "C:\Users\shrut\OneDrive\Desktop\coforge-python\Python-Training_Day5\.venv\Lib\site-packages\sqlalchemy\engine\base.py", line 2469, in _run_ddl_visitor
    ).traverse_single(element)
      ^^^^^^^^^^^^^^^^^^^^^^^^
  File "C:\Users\shrut\OneDrive\Desktop\coforge-python\Python-Training_Day5\.venv\Lib\site-packages\sqlalchemy\sql\visitors.py", line 661, in traverse_single
    return meth(obj, **kw)
           ^^^^^^^^^^^^^^^
  File "C:\Users\shrut\OneDrive\Desktop\coforge-python\Python-Training_Day5\.venv\Lib\site-packages\sqlalchemy\sql\ddl.py", line 1143, in visit_metadata
    self.traverse_single(
  File "C:\Users\shrut\OneDrive\Desktop\coforge-python\Python-Training_Day5\.venv\Lib\site-packages\sqlalchemy\sql\visitors.py", line 661, in traverse_single
    return meth(obj, **kw)
           ^^^^^^^^^^^^^^^
  File "C:\Users\shrut\OneDrive\Desktop\coforge-python\Python-Training_Day5\.venv\Lib\site-packages\sqlalchemy\sql\ddl.py", line 1210, in visit_table
    DropTable(table)._invoke_with(self.connection)
  File "C:\Users\shrut\OneDrive\Desktop\coforge-python\Python-Training_Day5\.venv\Lib\site-packages\sqlalchemy\sql\ddl.py", line 322, in _invoke_with
    return bind.execute(self)
           ^^^^^^^^^^^^^^^^^^
  File "C:\Users\shrut\OneDrive\Desktop\coforge-python\Python-Training_Day5\.venv\Lib\site-packages\sqlalchemy\engine\base.py", line 1421, in execute
    return meth(
           ^^^^^
  File "C:\Users\shrut\OneDrive\Desktop\coforge-python\Python-Training_Day5\.venv\Lib\site-packages\sqlalchemy\sql\ddl.py", line 188, in _execute_on_connection
    return connection._execute_ddl(
           ^^^^^^^^^^^^^^^^^^^^^^^^
  File "C:\Users\shrut\OneDrive\Desktop\coforge-python\Python-Training_Day5\.venv\Lib\site-packages\sqlalchemy\engine\base.py", line 1532, in _execute_ddl
    ret = self._execute_context(
          ^^^^^^^^^^^^^^^^^^^^^^
  File "C:\Users\shrut\OneDrive\Desktop\coforge-python\Python-Training_Day5\.venv\Lib\site-packages\sqlalchemy\engine\base.py", line 1848, in _execute_context
    return self._exec_single_context(
           ^^^^^^^^^^^^^^^^^^^^^^^^^^
  File "C:\Users\shrut\OneDrive\Desktop\coforge-python\Python-Training_Day5\.venv\Lib\site-packages\sqlalchemy\engine\base.py", line 1988, in _exec_single_context
    self._handle_dbapi_exception(
  File "C:\Users\shrut\OneDrive\Desktop\coforge-python\Python-Training_Day5\.venv\Lib\site-packages\sqlalchemy\engine\base.py", line 2365, in _handle_dbapi_exception
    raise sqlalchemy_exception.with_traceback(exc_info[2]) from e
  File "C:\Users\shrut\OneDrive\Desktop\coforge-python\Python-Training_Day5\.venv\Lib\site-packages\sqlalchemy\engine\base.py", line 1969, in _exec_single_context
    self.dialect.do_execute(
  File "C:\Users\shrut\OneDrive\Desktop\coforge-python\Python-Training_Day5\.venv\Lib\site-packages\sqlalchemy\engine\default.py", line 952, in do_execute
    cursor.execute(statement, parameters)
  File "C:\Users\shrut\OneDrive\Desktop\coforge-python\Python-Training_Day5\.venv\Lib\site-packages\pymysql\cursors.py", line 159, in execute
    result = self._query(query)
             ^^^^^^^^^^^^^^^^^^
  File "C:\Users\shrut\OneDrive\Desktop\coforge-python\Python-Training_Day5\.venv\Lib\site-packages\pymysql\cursors.py", line 330, in _query
    conn.query(q)
  File "C:\Users\shrut\OneDrive\Desktop\coforge-python\Python-Training_Day5\.venv\Lib\site-packages\pymysql\connections.py", line 582, in query
    self._affected_rows = self._read_query_result(unbuffered=unbuffered)
                          ^^^^^^^^^^^^^^^^^^^^^^^^^^^^^^^^^^^^^^^^^^^^^^
  File "C:\Users\shrut\OneDrive\Desktop\coforge-python\Python-Training_Day5\.venv\Lib\site-packages\pymysql\connections.py", line 847, in _read_query_result
    result.read()
  File "C:\Users\shrut\OneDrive\Desktop\coforge-python\Python-Training_Day5\.venv\Lib\site-packages\pymysql\connections.py", line 1245, in read
    first_packet = self.connection._read_packet()
                   ^^^^^^^^^^^^^^^^^^^^^^^^^^^^^^
  File "C:\Users\shrut\OneDrive\Desktop\coforge-python\Python-Training_Day5\.venv\Lib\site-packages\pymysql\connections.py", line 803, in _read_packet
    packet.raise_for_error()
  File "C:\Users\shrut\OneDrive\Desktop\coforge-python\Python-Training_Day5\.venv\Lib\site-packages\pymysql\protocol.py", line 219, in raise_for_error
    err.raise_mysql_exception(self._data)
  File "C:\Users\shrut\OneDrive\Desktop\coforge-python\Python-Training_Day5\.venv\Lib\site-packages\pymysql\err.py", line 154, in raise_mysql_exception
    raise errorclass(errno, errval, sqlstate=sqlstate)
sqlalchemy.exc.OperationalError: (pymysql.err.OperationalError) (3730, "Cannot drop table 'products' referenced by a foreign key constraint 'fk_inventory_product' on table 'inventory'.")
[SQL: 
DROP TABLE products]
(Background on this error at: https://sqlalche.me/e/20/e3q8)
